// Jest Snapshot v1, https://goo.gl/fbAQLP

exports[`renders homepage unchanged 1`] = `
<div
  className="container"
>
  <main
    className="main"
  >
    <h1
      className="title"
    >
      Welcome to 
      <a
        href="https://nextjs.org"
      >
        Next.js!
      </a>
    </h1>
    <h1
      className="pages__Title-sc-1h3dpwl-0 giSnUO"
    >
      My name is Denis Santhiago
    </h1>
    <p
      className="description"
    >
      Get started by editing 
      <code
        className="code"
      >
        pages/index.js
      </code>
    </p>
    <div
      className="grid"
    >
      <a
        className="card"
        href="https://nextjs.org/docs"
      >
        <h2>
          Documentation →
        </h2>
        <p>
          Find in-depth information about Next.js features and API.
        </p>
      </a>
      <a
        className="card"
        href="https://nextjs.org/learn"
      >
        <h2>
          Learn →
        </h2>
        <p>
          Learn about Next.js in an interactive course with quizzes!
        </p>
      </a>
      <a
        className="card"
        href="https://github.com/vercel/next.js/tree/master/examples"
      >
        <h2>
          Examples →
        </h2>
        <p>
          Discover and deploy boilerplate example Next.js projects.
        </p>
      </a>
      <a
        className="card"
        href="https://vercel.com/new?utm_source=create-next-app&utm_medium=default-template&utm_campaign=create-next-app"
      >
        <h2>
          Deploy →
        </h2>
        <p>
          Instantly deploy your Next.js site to a public URL with Vercel.
        </p>
      </a>
    </div>
  </main>
  <footer
    className="footer"
  >
    <a
      href="https://vercel.com?utm_source=create-next-app&utm_medium=default-template&utm_campaign=create-next-app"
      rel="noopener noreferrer"
      target="_blank"
    >
      vercel
    </a>
  </footer>
</div>
`;
